service should match snapshot (default settings):
  1: |
    apiVersion: v1
    kind: Service
    metadata:
      labels:
        app.kubernetes.io/component: kube-rbac-proxy
        app.kubernetes.io/instance: controller-manager-metrics-service
        app.kubernetes.io/managed-by: Helm
        app.kubernetes.io/name: service
        app.kubernetes.io/part-of: dash0-operator
        app.kubernetes.io/version: 1.0.0
        control-plane: controller-manager
        helm.sh/chart: dash0-operator-1.0.0
      name: dash0-operator-controller-manager-metrics-service
      namespace: NAMESPACE
    spec:
      ports:
        - name: https
          port: 8443
          protocol: TCP
          targetPort: https
      selector:
        control-plane: controller-manager
