service account should match snapshot (default settings):
  1: |
    apiVersion: v1
    kind: ServiceAccount
    metadata:
      labels:
        app.kubernetes.io/component: rbac
        app.kubernetes.io/instance: controller-manager-sa
        app.kubernetes.io/managed-by: Helm
        app.kubernetes.io/name: serviceaccount
        app.kubernetes.io/part-of: dash0-operator
        app.kubernetes.io/version: 0.0.0
        helm.sh/chart: dash0-operator-0.0.0
      name: dash0-operator-controller-manager
      namespace: NAMESPACE
